[nathanfx/index.html]
[backblue.gif]
[fade.gif]
[index.html]
[nathanfx/wp-content/plugins/header-footer-elementor/inc/widgets-css/frontenda1ec.css]
[nathanfx/wp-content/themes/finpoan/assets/css/base/gutenberg-blocks19f6.css]
[nathanfx/feed/index.html]
[nathanfx/comments/feed/index.html]
[nathanfx/wp-content/plugins/affs/assets/blocks/frontend/index550c.css]
[nathanfx/wp-content/plugins/sumosubscriptions/assets/blocks/frontend/indexd7c2.css]
[nathanfx/wp-content/plugins/affs/assets/css/select2/select2.min550c.css]
[nathanfx/wp-content/plugins/affs/assets/css/jquery-ui550c.css]
[nathanfx/wp-content/plugins/affs/assets/css/font-awesome.min550c.css]
[nathanfx/wp-content/plugins/affs/assets/css/frontend/frontend-status-button-design550c.css]
[nathanfx/wp-content/plugins/affs/assets/css/frontend/dashboard550c.css]
[nathanfx/wp-content/plugins/affs/assets/css/frontend/table-mobile-responsive550c.css]
[nathanfx/wp-content/plugins/contact-form-7/includes/css/stylesfc7a.css]
[nathanfx/wp-content/plugins/floating-contact/assets/css/style.min68b3.css]
[nathanfx/wp-content/plugins/floating-contact/assets/css/style.min0899.css]
[nathanfx/wp-content/plugins/header-footer-elementor/assets/css/header-footer-elementora1ec.css]
[nathanfx/wp-content/uploads/elementor/css/custom-frontend.min76ad.css]
[nathanfx/wp-content/uploads/elementor/css/post-876ad.css]
[nathanfx/wp-content/uploads/elementor/css/custom-widget-icon-box.min76ad.css]
[nathanfx/wp-content/uploads/elementor/css/custom-widget-icon-list.min76ad.css]
[nathanfx/wp-content/plugins/elementor/assets/css/widget-image.min89ce.css]
[nathanfx/wp-content/plugins/elementor/assets/css/widget-counter.min89ce.css]
[nathanfx/wp-content/plugins/elementor/assets/css/widget-heading.min89ce.css]
[nathanfx/wp-content/plugins/elementor/assets/lib/swiper/v8/css/swiper.min94a4.css]
[nathanfx/wp-content/plugins/elementor/assets/css/conditionals/e-swiper.min89ce.css]
[nathanfx/wp-content/plugins/elementor/assets/css/widget-image-carousel.min89ce.css]
[nathanfx/wp-content/plugins/elementor/assets/css/widget-spacer.min89ce.css]
[nathanfx/wp-content/plugins/elementor/assets/css/widget-nested-accordion.min89ce.css]
[nathanfx/wp-content/uploads/elementor/css/post-2599135fa4.css]
[nathanfx/wp-content/uploads/elementor/css/post-2533384.css]
[nathanfx/wp-content/uploads/elementor/css/post-2596261a0f.css]
[nathanfx/wp-content/plugins/woocommerce/assets/css/brands519f.css]
[nathanfx/wp-content/themes/finpoan/style19f6.css]
[nathanfx/wp-content/plugins/sumosubscriptions/assets/css/jquery-uid7c2.css]
[nathanfx/wp-content/plugins/sumosubscriptions/assets/css/frontendd7c2.css]
[nathanfx/wp-content/themes/finpoan/assets/css/base/elementor19f6.css]
[nathanfx/wp-content/plugins/elementor/assets/lib/eicons/css/elementor-icons.min705c.css]
[nathanfx/wp-content/plugins/elementor/assets/css/widget-icon-list.min44b4.css]
[nathanfx/wp-content/plugins/elementor/assets/css/widget-social-icons.min2401.css]
[nathanfx/wp-content/plugins/elementor/assets/lib/font-awesome/css/brands52d5.css]
[nathanfx/wp-content/plugins/elementor/assets/lib/font-awesome/css/fontawesome52d5.css]
[nathanfx/wp-content/plugins/elementor/assets/lib/font-awesome/css/solid52d5.css]
[nathanfx/wp-content/themes/finpoan/assets/css/woocommerce/woocommerce.css]
[nathanfx/wp-content/themes/finpoan/assets/css/base/animations/opal-move-up19f6.css]
[nathanfx/wp-content/themes/finpoan/assets/css/base/animations/opal-move-left19f6.css]
[nathanfx/wp-content/themes/finpoan/assets/css/base/animations/opal-move-right19f6.css]
[nathanfx/wp-content/themes/finpoan-child/style19f6.css]
[nathanfx/wp-includes/css/dashicons.min0899.css]
[nathanfx/wp-content/uploads/elementor/google-fonts/css/dmsans2aa8.css]
[nathanfx/wp-content/uploads/elementor/google-fonts/css/radiocanadabig2aa8.css]
[nathanfx/wp-content/uploads/elementor/google-fonts/css/bricolagegrotesquef127.css]
[nathanfx/wp-includes/js/jquery/jquery.minf43b.js]
[nathanfx/wp-includes/js/jquery/jquery-migrate.min5589.js]
[nathanfx/wp-content/plugins/affs/assets/js/select2/select2.full.min550c.js]
[nathanfx/wp-includes/js/jquery/ui/core.minb37e.js]
[nathanfx/wp-includes/js/jquery/ui/datepicker.minb37e.js]
[nathanfx/wp-content/plugins/affs/assets/js/fs-enhanced-select550c.js]
[nathanfx/wp-content/plugins/affs/assets/js/blockUI/jquery.blockUI6a65.js]
[nathanfx/wp-content/plugins/affs/assets/js/frontend/form550c.js]
[nathanfx/wp-content/plugins/affs/assets/js/frontend/fpsocialactions550c.js]
[nathanfx/wp-content/plugins/woocommerce/assets/js/jquery-blockui/jquery.blockUI.mina535.js]
[nathanfx/wp-content/plugins/affs/assets/js/frontend/dashboard550c.js]
[nathanfx/wp-content/plugins/woocommerce/assets/js/frontend/add-to-cart.min519f.js]
[nathanfx/wp-content/plugins/woocommerce/assets/js/js-cookie/js.cookie.min6761.js]
[nathanfx/wp-content/plugins/woocommerce/assets/js/frontend/woocommerce.min519f.js]
[nathanfx/wp-content/plugins/wp-cloudflare-page-cache/assets/js/lazysizes.min9dff.js]
[nathanfx/wp-content/plugins/sumosubscriptions/assets/js/frontend/single-productd7c2.js]
[nathanfx/wp-content/plugins/sumosubscriptions/assets/js/frontend/checkoutd7c2.js]
[nathanfx/wp-json/index.html]
[nathanfx/wp-json/wp/v2/pages/259913.json]
[nathanfx/xmlrpc0db0.php]
[nathanfx/wp-json/oembed/1.0/embed6500.json]
[nathanfx/wp-json/oembed/1.0/embed646f]
[nathanfx/wp-content/uploads/2024/06/cropped-Projekt-bez-nazwy-7-1-32x32.png]
[nathanfx/wp-content/uploads/2024/06/cropped-Projekt-bez-nazwy-7-1-192x192.png]
[nathanfx/wp-content/uploads/2024/06/cropped-Projekt-bez-nazwy-7-1-180x180.png]
[nathanfx/wp-content/uploads/elementor/thumbs/logo4.png]
[nathanfx/wp-content/uploads/2025/06/Projekt-bez-nazwy-15.png]
[nathanfx/courses/index.html]
[nathanfx/my-account/index.html]
[nathanfx/wp-content/uploads/elementor/thumbs/Grafika-why-choose-us-1-r9mr2b7s5u795y69oylv535i19hcg2xgulf0lmptdo.png]
[nathanfx/wp-content/uploads/2024/06/h1_bg-right.png]
[nathanfx/wp-content/uploads/2024/06/h1_bg-left.png]
[nathanfx/wp-content/uploads/2025/06/7-576x1024.png]
[nathanfx/checkout/indexa40c.html]
[nathanfx/checkout/indexa23b.html]
[nathanfx/wp-content/uploads/2025/06/5-576x1024.png]
[nathanfx/checkout/indexad93.html]
[nathanfx/wp-content/uploads/2025/06/4-576x1024.png]
[nathanfx/wp-content/uploads/2025/06/2-576x1024.png]
[nathanfx/wp-content/uploads/2025/06/11-576x1024.png]
[nathanfx/wp-content/uploads/2025/06/10-576x1024.png]
[nathanfx/wp-content/uploads/2025/06/9-576x1024.png]
[nathanfx/wp-content/uploads/2025/06/8-576x1024.png]
[nathanfx/wp-content/uploads/2025/06/6-576x1024.png]
[nathanfx/wp-content/uploads/2025/06/5-768x1365.png]
[nathanfx/wp-content/uploads/2025/06/6-768x1365.png]
[nathanfx/wp-content/uploads/2025/06/4-768x1365.png]
[nathanfx/wp-content/uploads/2025/06/3-768x1365.png]
[nathanfx/wp-content/uploads/2025/06/2-768x1365.png]
[nathanfx/wp-content/uploads/2025/06/11-768x1365.png]
[nathanfx/wp-content/uploads/2025/06/7-768x1365.png]
[nathanfx/wp-content/uploads/2025/06/8-768x1365.png]
[nathanfx/wp-content/uploads/2025/06/9-768x1365.png]
[nathanfx/wp-content/uploads/2025/06/10-768x1365.png]
[nathanfx/wp-content/uploads/2025/04/Team-Mike-Final-Version-768x768.jpg]
[nathanfx/wp-content/uploads/2025/04/Team-Emma-Final-Version-768x768.jpg]
[nathanfx/wp-content/uploads/2025/04/Team-David-Final-Version-768x768.jpg]
[nathanfx/wp-content/uploads/2025/04/Team-Joshua-Final-Version-768x768.jpg]
[nathanfx/wp-content/uploads/2025/04/Team-Olivia-Final-Version-768x768.jpg]
[nathanfx/wp-content/uploads/2024/06/team-6.jpg]
[nathanfx/wp-content/uploads/2025/04/bottom_section-1-768x913.png]
[nathanfx/wp-content/uploads/2025/04/Getting-Started-with-Forex-Trading-Setting-Up-Your-First-Account.jpg]
[nathanfx/wp-content/uploads/2025/04/2-How-to-Create-a-Winning-Forex-Trading-Plan-1-820x560.jpg]
[nathanfx/wp-content/uploads/2025/04/2-How-to-Create-a-Winning-Forex-Trading-Plan-1-820x560.jpg 820w, https_/nathanfx/wp-content/uploads/2025/04/2-How-to-Create-a-Winning-Forex-Trading-Plan-1-1290x880.jpg 1290w]
[nathanfx/wp-content/uploads/2025/04/Common-Forex-Trading-Mistakes-and-How-to-Avoid-Them-820x560.jpg]
[nathanfx/wp-content/uploads/2025/04/Common-Forex-Trading-Mistakes-and-How-to-Avoid-Them-820x560.jpg 820w, https_/nathanfx/wp-content/uploads/2025/04/Common-Forex-Trading-Mistakes-and-How-to-Avoid-Them-1290x880.jpg 1290w]
[nathanfx/category/forex-rr/index.html]
[nathanfx/wp-content/uploads/2025/04/2-How-to-Create-a-Winning-Forex-Trading-Plan-820x560.jpg]
[nathanfx/why-forex-trading-signals-can-be-a-game-changer/index.html]
[nathanfx/common-forex-trading-mistakes-and-how-to-avoid-them/index.html]
[nathanfx/wp-content/uploads/2025/04/2-How-to-Create-a-Winning-Forex-Trading-Plan-820x560.jpg 820w, https_/nathanfx/wp-content/uploads/2025/04/2-How-to-Create-a-Winning-Forex-Trading-Plan-1290x880.jpg 1290w]
[nathanfx/wp-content/uploads/2025/04/Forex-Trading-Fundamentals-Understanding-Economic-Indicators-820x560.jpg]
[nathanfx/how-to-create-a-winning-forex-trading-plan/index.html]
[nathanfx/wp-content/uploads/2025/04/Forex-Trading-Fundamentals-Understanding-Econom/nathanfx/wp-content/uploads/2025/04/Forex-Trading-Fundamentals-Understanding-Economic-Indicators-1290x880.jpg 1290w]
[nathanfx/forex-trading-fundamentals/index.html]
[nathanfx/wp-loginc94b.html]
[nathanfx/wp-content/plugins/woocommerce-gateway-stripe/build/upe_blocks5f8e.css]
[nathanfx/about-us/index.html]
[nathanfx/wp-content/plugins/woocommerce/assets/client/blocks/wc-blocksadac.css]
[nathanfx/join-us/index.html]
[nathanfx/my-account/lost-password/index.html]
[nathanfx/checkout/index.html]
[nathanfx/calculator/index.html]
[nathanfx/wp-content/uploads/elementor/css/post-99624ad7.css]
[nathanfx/dashboard/index.html]
[nathanfx/eui1dghhkdas-book/index.html]
[nathanfx/fulfillment-policy/index.html]
[nathanfx/wp-includes/js/dist/hooks.min4fdd.js]
[nathanfx/free-ebook/index.html]
[nathanfx/login/index.html]
[nathanfx/lost-password/index.html]
[nathanfx/wp-includes/js/dist/i18n.minc33c.js]
[nathanfx/home-3/index.html]
[nathanfx/privacy-policy/index.html]
[nathanfx/partnership/index.html]
[nathanfx/wp-content/plugins/contact-form-7/includes/swv/js/indexfc7a.js]
[nathanfx/recommended-broker/index.html]
[nathanfx/wp-content/plugins/contact-form-7/includes/js/indexfc7a.js]
[nathanfx/registration/index.html]
[nathanfx/terms-and-conditions/index.html]
[nathanfx/terms/index.html]
[nathanfx/wp-content/plugins/duracelltomi-google-tag-manager/dist/js/gtm4wp-ecommerce-generic2c73.js]
[nathanfx/wp-content/plugins/duracelltomi-google-tag-manager/dist/js/gtm4wp-woocommerce2c73.js]
[nathanfx/wp-content/plugins/elementor/assets/lib/jquery-numerator/jquery-numerator.min3958.js]
[nathanfx/wp-content/plugins/elementor/assets/lib/swiper/v8/swiper.min94a4.js]
[nathanfx/wp-content/plugins/wp-cloudflare-page-cache/assets/js/instantpage.minf08a.js]
[nathanfx/wp-includes/js/underscore.min3ab8.js]
[nathanfx/wp-includes/js/wp-util.min0899.js]
[nathanfx/wp-content/themes/finpoan/assets/js/frontend/main.min19f6.js]
[nathanfx/wp-includes/js/imagesloaded.minbb93.js]
[nathanfx/wp-content/themes/finpoan/assets/js/skip-link-focus-fix.min08e0.js]
[nathanfx/wp-content/themes/finpoan/assets/js/frontend/search-popup.min19f6.js]
[nathanfx/wp-content/themes/finpoan/assets/js/vendor/jquery.sticky-kit.min19f6.js]
[nathanfx/wp-content/themes/finpoan/assets/js/frontend/text-editor.min19f6.js]
[nathanfx/wp-content/themes/finpoan/assets/js/frontend/nav-mobile.min19f6.js]
[nathanfx/wp-content/themes/finpoan/inc/megamenu/assets/js/frontend19f6.js]
[nathanfx/wp-content/themes/finpoan/assets/js/frontend/login19f6.js]
[nathanfx/wp-content/plugins/woocommerce/assets/js/sourcebuster/sourcebuster.min519f.js]
[nathanfx/wp-content/plugins/woocommerce/assets/js/frontend/order-attribution.min519f.js]
[nathanfx/wp-includes/js/dist/vendor/wp-polyfill.min2c7c.js]
[nathanfx/wp-content/plugins/contact-form-7/modules/recaptcha/indexfc7a.js]
[nathanfx/wp-content/themes/finpoan/assets/js/woocommerce/header-cart.min.js]
[nathanfx/wp-content/themes/finpoan/assets/js/woocommerce/main.min.js]
[nathanfx/wp-content/themes/finpoan/assets/js/woocommerce/shop-select.min.js]
[nathanfx/wp-content/themes/finpoan/assets/js/woocommerce/quantity.min.js]
[nathanfx/wp-content/themes/finpoan/assets/js/woocommerce/off-canvas.min.js]
[nathanfx/wp-content/themes/finpoan/assets/js/woocommerce/cart-canvas.min.js]
[nathanfx/wp-content/plugins/elementor/assets/js/webpack.runtime.min89ce.js]
[nathanfx/wp-content/plugins/elementor/assets/js/frontend-modules.min89ce.js]
[nathanfx/wp-content/plugins/elementor/assets/js/frontend.min89ce.js]
[nathanfx/wp-content/themes/finpoan/assets/js/elementor-swiper.min19f6.js]
[nathanfx/wp-content/themes/finpoan/assets/js/elementor/link-showcase.min19f6.js]
[nathanfx/wp-content/themes/finpoan/assets/js/elementor/posts-grid.min19f6.js]
[nathanfx/wp-content/themes/finpoan/assets/js/elementor/price-table.min19f6.js]
[nathanfx/wp-content/themes/finpoan/assets/js/elementor/team-box.min19f6.js]
[nathanfx/wp-content/themes/finpoan/assets/js/elementor-frontend19f6.js]
[nathanfx/wp-content/themes/finpoan/assets/js/vendor/elementor-sticky19f6.js]
[nathanfx/wp-content/themes/finpoan/assets/js/vendor/sticky19f6.js]
[nathanfx/wp-content/themes/finpoan/inc/elementor/motion-fx/assets/main19f6.js]
[nathanfx/wp-content/uploads/elementor/thumbs/logo4.png]
[nathanfx/cdn-cgi/l/email-protection.html]
[nathanfx/cdn-cgi/scripts/5c5dd728/cloudflare-static/email-decode.min.js]
[nathanfx/index.html]
[nathanfx/wp-content/plugins/header-footer-elementor/inc/widgets-css/frontenda1ec.css]
[nathanfx/wp-content/themes/finpoan/assets/css/base/gutenberg-blocks19f6.css]
[nathanfx/wp-content/plugins/affs/assets/blocks/frontend/index550c.css]
[nathanfx/wp-content/plugins/sumosubscriptions/assets/blocks/frontend/indexd7c2.css]
[nathanfx/wp-content/plugins/affs/assets/css/select2/select2.min550c.css]
[nathanfx/wp-content/plugins/affs/assets/css/images/ui-icons_444444_256x240.png]
[nathanfx/wp-content/plugins/affs/assets/css/images/ui-icons_555555_256x240.png]
[nathanfx/wp-content/plugins/affs/assets/css/images/ui-icons_ffffff_256x240.png]
[nathanfx/wp-content/plugins/affs/assets/css/images/ui-icons_777620_256x240.png]
[nathanfx/wp-content/plugins/affs/assets/css/images/ui-icons_cc0000_256x240.png]
[nathanfx/wp-content/plugins/affs/assets/css/images/ui-icons_777777_256x240.png]
[nathanfx/wp-content/plugins/affs/assets/css/jquery-ui550c.css]
[nathanfx/wp-content/plugins/affs/assets/fonts/fontawesome-webfont3e6e.eot]
[nathanfx/wp-content/plugins/affs/assets/fonts/fontawesome-webfont3e6e.woff2]
[nathanfx/wp-content/plugins/affs/assets/fonts/fontawesome-webfontd41d.eot]
[nathanfx/wp-content/plugins/affs/assets/fonts/fontawesome-webfont3e6e.woff]
[nathanfx/wp-content/plugins/affs/assets/fonts/fontawesome-webfont3e6e.ttf]
[nathanfx/wp-content/plugins/affs/assets/css/font-awesome.min550c.css]
[nathanfx/wp-content/plugins/affs/assets/css/frontend/frontend-status-button-design550c.css]
[nathanfx/wp-content/plugins/affs/assets/css/frontend/dashboard550c.css]
[nathanfx/wp-content/plugins/affs/assets/css/frontend/table-mobile-responsive550c.css]
[nathanfx/wp-content/plugins/contact-form-7/includes/css/stylesfc7a.css]
[nathanfx/wp-content/plugins/floating-contact/assets/css/style.min68b3.css]
[nathanfx/wp-content/plugins/floating-contact/assets/css/style.min0899.css]
[nathanfx/wp-content/plugins/header-footer-elementor/assets/css/header-footer-elementora1ec.css]
[nathanfx/wp-content/uploads/elementor/css/custom-frontend.min76ad.css]
[nathanfx/wp-content/uploads/elementor/css/post-876ad.css]
[nathanfx/wp-content/uploads/elementor/css/custom-widget-icon-box.min76ad.css]
[nathanfx/wp-content/uploads/elementor/css/custom-widget-icon-list.min76ad.css]
[nathanfx/wp-content/plugins/elementor/assets/css/widget-image.min89ce.css]
[nathanfx/wp-content/plugins/elementor/assets/css/widget-counter.min89ce.css]
[nathanfx/wp-content/plugins/elementor/assets/css/widget-heading.min89ce.css]
[nathanfx/wp-content/plugins/elementor/assets/lib/swiper/v8/css/swiper.min94a4.css]
[nathanfx/wp-content/plugins/elementor/assets/css/conditionals/e-swiper.min89ce.css]
[nathanfx/wp-content/plugins/elementor/assets/css/widget-image-carousel.min89ce.css]
[nathanfx/wp-content/plugins/elementor/assets/css/widget-spacer.min89ce.css]
[nathanfx/wp-content/plugins/elementor/assets/css/widget-nested-accordion.min89ce.css]
[nathanfx/wp-content/uploads/2024/06/h3_bg3.jpg]
[nathanfx/wp-content/plugins/affs/assets/fonts/fontawesome-webfont3e6e.svg]
[nathanfx/wp-content/uploads/2025/04/Grafika-pod-statystyki.jpg]
[nathanfx/wp-content/uploads/2024/06/h1_bg2.jpg]
[nathanfx/wp-content/uploads/2024/06/h3_bg2.jpg]
[nathanfx/wp-content/uploads/elementor/css/post-2599135fa4.css]
[nathanfx/wp-content/uploads/elementor/css/post-2533384.css]
[nathanfx/wp-content/plugins/elementor/assets/mask-shapes/circle.svg]
[nathanfx/wp-content/uploads/2024/06/ft1-bg.jpg]
[nathanfx/wp-content/uploads/elementor/css/post-2596261a0f.css]
[nathanfx/wp-content/plugins/woocommerce/assets/css/brands519f.css]
[nathanfx/wp-content/themes/finpoan/assets/fonts/icons/finpoan-icon-1.0.7.eot]
[nathanfx/wp-content/themes/finpoan/assets/fonts/icons/finpoan-icon-1.0.7d41d.eot]
[nathanfx/wp-content/themes/finpoan/assets/fonts/icons/finpoan-icon-1.0.7.woff2]
[nathanfx/wp-content/themes/finpoan/assets/fonts/icons/finpoan-icon-1.0.7.woff]
[nathanfx/wp-content/themes/finpoan/assets/fonts/icons/finpoan-icon-1.0.7.ttf]
[nathanfx/wp-content/themes/finpoan/style19f6.css]
[nathanfx/wp-content/themes/finpoan/assets/fonts/icons/finpoan-icon-1.0.7.svg]
[nathanfx/wp-content/plugins/sumosubscriptions/assets/css/images/ui-icons_444444_256x240.png]
[nathanfx/wp-content/plugins/sumosubscriptions/assets/css/images/ui-icons_555555_256x240.png]
[nathanfx/wp-content/plugins/sumosubscriptions/assets/css/images/ui-icons_ffffff_256x240.png]
[nathanfx/wp-content/plugins/sumosubscriptions/assets/css/images/ui-icons_777620_256x240.png]
[nathanfx/wp-content/plugins/sumosubscriptions/assets/css/images/ui-icons_cc0000_256x240.png]
[nathanfx/wp-content/plugins/sumosubscriptions/assets/css/images/ui-icons_777777_256x240.png]
[nathanfx/wp-content/plugins/sumosubscriptions/assets/css/jquery-uid7c2.css]
[nathanfx/wp-content/plugins/sumosubscriptions/assets/css/frontendd7c2.css]
[nathanfx/wp-content/themes/finpoan/assets/css/base/elementor19f6.css]
[nathanfx/wp-content/plugins/elementor/assets/lib/eicons/fonts/eiconsfcca.eot]
[nathanfx/wp-content/plugins/elementor/assets/lib/eicons/fonts/eiconsfcca.woff2]
[nathanfx/wp-content/plugins/elementor/assets/lib/eicons/fonts/eiconsfcca.woff]
[nathanfx/wp-content/plugins/elementor/assets/lib/eicons/fonts/eiconsfcca.ttf]
[nathanfx/wp-content/plugins/elementor/assets/lib/eicons/css/elementor-icons.min705c.css]
[nathanfx/wp-content/plugins/elementor/assets/css/widget-icon-list.min44b4.css]
[nathanfx/wp-content/plugins/elementor/assets/css/widget-social-icons.min2401.css]
[nathanfx/wp-content/plugins/elementor/assets/lib/eicons/fonts/eiconsfcca.svg]
[nathanfx/wp-content/plugins/elementor/assets/lib/font-awesome/webfonts/fa-brands-400.eot]
[nathanfx/wp-content/plugins/elementor/assets/lib/font-awesome/webfonts/fa-brands-400d41d.eot]
[nathanfx/wp-content/plugins/elementor/assets/lib/font-awesome/webfonts/fa-brands-400.woff2]
[nathanfx/wp-content/plugins/elementor/assets/lib/font-awesome/webfonts/fa-brands-400.woff]
[nathanfx/wp-content/plugins/elementor/assets/lib/font-awesome/webfonts/fa-brands-400.ttf]
[nathanfx/wp-content/plugins/elementor/assets/lib/font-awesome/css/brands52d5.css]
[nathanfx/wp-content/plugins/elementor/assets/lib/font-awesome/css/fontawesome52d5.css]
[nathanfx/wp-content/plugins/elementor/assets/lib/font-awesome/webfonts/fa-brands-400.svg]
[nathanfx/wp-content/plugins/elementor/assets/lib/font-awesome/webfonts/fa-solid-900.eot]
[nathanfx/wp-content/plugins/elementor/assets/lib/font-awesome/webfonts/fa-solid-900d41d.eot]
[nathanfx/wp-content/plugins/elementor/assets/lib/font-awesome/webfonts/fa-solid-900.woff2]
[nathanfx/wp-content/plugins/elementor/assets/lib/font-awesome/webfonts/fa-solid-900.woff]
[nathanfx/wp-content/plugins/elementor/assets/lib/font-awesome/webfonts/fa-solid-900.ttf]
[nathanfx/wp-content/plugins/elementor/assets/lib/font-awesome/css/solid52d5.css]
[nathanfx/wp-content/plugins/elementor/assets/lib/font-awesome/webfonts/fa-solid-900.svg]
[nathanfx/wp-content/plugins/woocommerce/assets/fonts/star.eot]
[nathanfx/wp-content/plugins/woocommerce/assets/fonts/stard41d.eot]
[nathanfx/wp-content/plugins/woocommerce/assets/fonts/star.woff]
[nathanfx/wp-content/plugins/woocommerce/assets/fonts/star.ttf]
[nathanfx/wp-content/plugins/woocommerce/assets/fonts/star.svg]
[nathanfx/wp-content/themes/finpoan/assets/images/credit-cards/unknown.svg]
[nathanfx/wp-content/themes/finpoan/assets/images/credit-cards/visa.svg]
[nathanfx/wp-content/themes/finpoan/assets/images/credit-cards/mastercard.svg]
[nathanfx/wp-content/themes/finpoan/assets/images/credit-cards/laser.svg]
[nathanfx/wp-content/themes/finpoan/assets/images/credit-cards/diners.svg]
[nathanfx/wp-content/themes/finpoan/assets/images/credit-cards/maestro.svg]
[nathanfx/wp-content/themes/finpoan/assets/images/credit-cards/jcb.svg]
[nathanfx/wp-content/themes/finpoan/assets/images/credit-cards/amex.svg]
[nathanfx/wp-content/themes/finpoan/assets/css/woocommerce/woocommerce.css]
[nathanfx/wp-content/themes/finpoan/assets/css/base/animations/opal-move-up19f6.css]
[nathanfx/wp-content/themes/finpoan/assets/css/base/animations/opal-move-left19f6.css]
[nathanfx/wp-content/themes/finpoan/assets/css/base/animations/opal-move-right19f6.css]
[nathanfx/wp-content/themes/finpoan-child/style19f6.css]
[nathanfx/wp-content/themes/finpoan/assets/images/credit-cards/discover.svg]
[nathanfx/wp-includes/fonts/dashicons7d4b.eot]
[nathanfx/wp-includes/fonts/dashicons7d4b.ttf]
[nathanfx/wp-includes/css/dashicons.min0899.css]
[nathanfx/wp-content/uploads/elementor/google-fonts/css/dmsans2aa8.css]
[nathanfx/wp-content/uploads/elementor/google-fonts/css/radiocanadabig2aa8.css]
[nathanfx/wp-content/uploads/elementor/google-fonts/css/bricolagegrotesquef127.css]
[nathanfx/wp-content/uploads/elementor/css/post-2601400280.css]
[nathanfx/wp-content/uploads/elementor/css/post-25960188d8.css]
[nathanfx/wp-content/uploads/elementor/css/post-22099a8.css]
[nathanfx/wp-json/wp/v2/pages/260140.json]
[nathanfx/wp-json/oembed/1.0/embeda852.json]
[nathanfx/wp-json/oembed/1.0/embed0c87]
[nathanfx/wp-content/uploads/elementor/thumbs/Grafika-kursy-r9mr2fwz40dorzzfximzzjyt06u6ikg4j8og00iuik.png]
[nathanfx/courses/index.html]
[nathanfx/wp-content/uploads/elementor/css/post-2604774274.css]
[nathanfx/checkout/index1fcf.html]
[nathanfx/wp-includes/css/dist/block-library/style.min0899.css]
[nathanfx/wp-content/plugins/woocommerce/assets/css/select2519f.css]
[nathanfx/checkout/index24c7.html]
[nathanfx/wp-content/uploads/elementor/css/custom-widget-alert.min76ad.css]
[nathanfx/wp-content/uploads/elementor/css/post-1399a8.css]
[nathanfx/wp-content/plugins/woocommerce/assets/js/selectWoo/selectWoo.full.minfcd5.js]
[nathanfx/wp-content/plugins/woocommerce/assets/js/frontend/account-i18n.min519f.js]
[nathanfx/wp-content/plugins/sumosubscriptions/assets/js/frontend/myaccountd7c2.js]
[nathanfx/wp-content/plugins/sumosubscriptions/assets/js/variation-switcherd7c2.js]
[nathanfx/wp-json/wp/v2/pages/13.json]
[nathanfx/wp-json/oembed/1.0/embed8d82.json]
[nathanfx/my-account/index.html]
[nathanfx/wp-json/oembed/1.0/embedb918]
[nathanfx/wp-content/plugins/woo-checkout-field-editor-pro/public/assets/css/thwcfd-public.min4c71.css]
[nathanfx/wp-content/plugins/woocommerce/assets/js/frontend/country-select.min519f.js]
[nathanfx/wp-content/plugins/woocommerce/assets/js/frontend/address-i18n.min519f.js]
[nathanfx/wp-content/plugins/woocommerce/assets/js/frontend/checkout.min519f.js]
[nathanfx/wp-json/wp/v2/pages/12.json]
[nathanfx/wp-json/oembed/1.0/embed916e.json]
[nathanfx/wp-json/oembed/1.0/embed31bc]
[nathanfx/wp-content/plugins/woocommerce-gateway-stripe/assets/images/cards.svg]
[nathanfx/wp-content/plugins/woocommerce-gateway-stripe/build/upe_classic6f03.css]
[nathanfx/wp-content/plugins/woocommerce-gateway-stripe/assets/css/stripe-link6f03.css]
[nathanfx/my-account/sumo-subscriptions/index.html]
[nathanfx/wp-content/plugins/woo-checkout-field-editor-pro/public/assets/js/thwcfd-public.min4c71.js]
[nathanfx/checkout/indexad93.html]
[nathanfx/checkout/indexa23b.html]
[nathanfx/checkout/indexa40c.html]
[nathanfx/wp-content/uploads/2024/06/h1_bg-right.png 780w, https_/nathanfx/wp-content/uploads/2024/06/h1_bg-right-450x323.png 450w, https_/nathanfx/wp-content/uploads/2024/06/h1_bg-right-300x215.png 30/h1_bg-right-600x430.4e]
[nathanfx/wp-content/uploads/2024/06/h1_bg-left.png 807w, https_/nathanfx/wp-content/uploads/2024/06/h1_bg-left-450x361.png 450w, https_/nathanfx/wp-content/uploads/2024/06/h1_bg-left-800x642.png 800w,/h1_bg-left-768x617.50.d]
[nathanfx/wp-content/uploads/2025/04/Team-Mike-Final-Version-768x768.jpg 768w, https/nathanfx/wp-content/uploads/2025/04/Team-Mike-Final-Version-300x300.jpg 300w, https/nathanfx/wp-content/uploads/2025/Team-Mike-Final-Version]
[nathanfx/wp-content/uploads/2025/04/Team-Emma-Final-Version-768x768.jpg 768w, https/nathanfx/wp-content/uploads/2025/04/Team-Emma-Final-Version-300x300.jpg 300w, https/nathanfx/wp-content/uploads/2025/Team-Emma-Final-Version]
[nathanfx/wp-content/uploads/2025/04/Team-David-Final-Version-768x768.jpg 768w, http/nathanfx/wp-content/uploads/2025/04/Team-David-Final-Version-300x300.jpg 300w, http/nathanfx/wp-content/uploads/2025/Team-David-Final-Versio]
[nathanfx/wp-content/uploads/2025/04/Team-Joshua-Final-Version-768x768.jpg 768w, htt/nathanfx/wp-content/uploads/2025/04/Team-Joshua-Final-Version-300x300.jpg 300w, htt/nathanfx/wp-content/uploads/2025/Team-Joshua-Final-Versi]
[nathanfx/wp-content/uploads/2025/04/Team-Olivia-Final-Version-768x768.jpg 768w, htt/nathanfx/wp-content/uploads/2025/04/Team-Olivia-Final-Version-300x300.jpg 300w, htt/nathanfx/wp-content/uploads/2025/Team-Olivia-Final-Versi]
[nathanfx/wp-content/uploads/2024/06/team-6.jpg 410w, https_/nathanfx/wp-content/uploads/2024/06/team-6-100x100.jpg 100w, https_/nathanfx/wp-content/uploads/2024/06/team-6-300x300.jpg 300w, https_/fore/team-6-150x150.6f.delay]
[nathanfx/wp-content/uploads/2025/04/bottom_section-1-768x913.png 768w, https_/nathanfx/wp-content/uploads/2025/04/bottom_section-1-450x535.png 450w, https_/nathanfx/wp-content/uploads/2025/04/bottom_s/bottom_section-1-1722x2]
[nathanfx/wp-content/uploads/2025/04/2-How-to-Create-a-Winning-Forex-Trading-Plan-1-820x560.jpg 820w, https_/nathanfx/wp-content/uploads/2025/04/2-How-to-Create-a-Winning-Forex-Trading-Plan-1-1290x880.html]
[nathanfx/wp-content/plugins/woocommerce-gateway-stripe/build/upe_classic6f03.js]
[nathanfx/wp-json/wp/v2/categories/42.json]
[nathanfx/wp-content/uploads/2025/04/2-How-to-Create-a-Winning-Forex-Trading-Plan-1-1290x880.jpg]
[nathanfx/category/forex-rr/feed/index.html]
[nathanfx/wp-content/uploads/2025/04/Common-Forex-Trading-Mistakes-and-How-to-Avoid-Them-1290x880.jpg]
[nathanfx/wp-content/uploads/2025/04/2-How-to-Create-a-Winning-Forex-Trading-Plan-1290x880.jpg]
[nathanfx/wp-content/uploads/2025/04/Forex-Trading-Fundamentals-Understanding-Economic-Indicators-1290x880.jpg]
[nathanfx/wp-content/uploads/2025/04/2-How-to-Create-a-Winning-Forex-Trading-Plan-1-150x150.jpg]
[nathanfx/wp-content/uploads/2025/04/Common-Forex-Trading-Mistakes-and-How-to-Avoid-Them-150x150.jpg]
[nathanfx/wp-content/uploads/2025/04/2-How-to-Create-a-Winning-Forex-Trading-Plan-150x150.jpg]
[nathanfx/wp-content/uploads/2025/04/Forex-Trading-Fundamentals-Understanding-Economic-Indicators-150x150.jpg]
[nathanfx/category/forex-rr/index.html]
[nathanfx/wp-content/uploads/elementor/css/post-11292b2d.css]
[nathanfx/why-forex-trading-signals-can-be-a-game-changer/feed/index.html]
[nathanfx/wp-json/wp/v2/posts/9765.json]
[nathanfx/wp-json/oembed/1.0/embed35e7.json]
[nathanfx/wp-json/oembed/1.0/embedf433]
[nathanfx/wp-content/uploads/2025/04/Common-Forex-Trading-Mistakes-and-How-to-Avoid-Them-100x100.jpg]
[nathanfx/why-forex-trading-signals-can-be-a-game-changer/index.html]
[nathanfx/author/mike/index.html]
[nathanfx/wp-content/uploads/2025/04/Common-Forex-Trading-Mistakes-and-How-to-Avoid-Them-820x560.jpg 820w, https_/nathanfx/wp-content/uploads/2025/04/Common-Forex-Trading-Mistakes-and-How-to-Avoid-Them-1290x880.html]
[nathanfx/wp-json/wp/v2/posts/9762.json]
[nathanfx/common-forex-trading-mistakes-and-how-to-avoid-them/feed/index.html]
[nathanfx/wp-json/oembed/1.0/embed2edb.json]
[nathanfx/wp-json/oembed/1.0/embedc4e6]
[nathanfx/wp-content/uploads/2025/04/2-How-to-Create-a-Winning-Forex-Trading-Plan-100x100.jpg]
[nathanfx/wp-content/uploads/2025/04/2-How-to-Create-a-Winning-Forex-Trading-Plan-1-100x100.jpg]
[nathanfx/common-forex-trading-mistakes-and-how-to-avoid-them/index.html]
[nathanfx/wp-content/uploads/2025/04/2-How-to-Create-a-Winning-Forex-Trading-Plan-820x560.jpg 820w, https_/nathanfx/wp-content/uploads/2025/04/2-How-to-Create-a-Winning-Forex-Trading-Plan-1290x880.html]
[nathanfx/how-to-create-a-winning-forex-trading-plan/feed/index.html]
[nathanfx/wp-json/wp/v2/posts/9759.json]
[nathanfx/wp-json/oembed/1.0/embed7a29.json]
[nathanfx/wp-json/oembed/1.0/embedf60c]
[nathanfx/wp-content/uploads/2025/04/Forex-Trading-Fundamentals-Understanding-Economic-Indicators-100x100.jpg]
[nathanfx/how-to-create-a-winning-forex-trading-plan/index.html]
[nathanfx/wp-content/uploads/2025/04/Forex-Trading-Fundamentals-Understanding-Econom/nathanfx/wp-content/uploads/2025/04/Forex-Trading-Fundamentals-Understanding-Economic-Indicators-1290x880.html]
[nathanfx/wp-json/wp/v2/posts/1.json]
[nathanfx/forex-trading-fundamentals/feed/index.html]
[nathanfx/wp-json/oembed/1.0/embed614c.json]
[nathanfx/forex-trading-fundamentals/index.html]
[nathanfx/wp-json/oembed/1.0/embedb39f]
[nathanfx/wp-includes/css/buttons.min0899.css]
[nathanfx/wp-admin/css/forms.min0899.css]
[nathanfx/wp-admin/css/l10n.min0899.css]
[nathanfx/wp-admin/css/login.min0899.css]
[nathanfx/wp-content/uploads/2024/06/logo4.png]
[nathanfx/wp-loginc2b6.html]
[nathanfx/wp-includes/js/clipboard.min3c89.js]
[nathanfx/wp-includes/js/zxcvbn-async.min5152.js]
[nathanfx/wp-admin/js/password-strength-meter.min0899.js]
[nathanfx/wp-includes/js/dist/dom-ready.min5346.js]
[nathanfx/wp-includes/js/dist/a11y.min3f73.js]
[nathanfx/wp-loginc94b.html]
[nathanfx/wp-admin/js/user-profile.min0899.js]
[nathanfx/wp-content/plugins/woocommerce/assets/js/frontend/password-strength-meter.min519f.js]
[nathanfx/my-account/lost-password/index.html]
[nathanfx/wp-content/plugins/woocommerce/assets/js/frontend/lost-password.min519f.js]
[nathanfx/wp-content/plugins/elementor/assets/css/widget-divider.min89ce.css]
[nathanfx/wp-content/uploads/elementor/css/post-5277fb.css]
[nathanfx/wp-content/themes/finpoan/assets/css/base/animations/opal-scale-up19f6.css]
[nathanfx/wp-json/wp/v2/pages/52.json]
[nathanfx/wp-json/oembed/1.0/embed5716.json]
[nathanfx/about-us/index.html]
[nathanfx/wp-json/oembed/1.0/embedd0f5]
[nathanfx/wp-content/uploads/elementor/css/post-6600e2.css]
[nathanfx/wp-json/wp/v2/pages/66.json]
[nathanfx/wp-json/oembed/1.0/embed51a9.json]
[nathanfx/join-us/index.html]
[nathanfx/wp-json/oembed/1.0/embed0c76]
[nathanfx/wp-content/uploads/elementor/css/post-947509bd.css]
[nathanfx/wp-json/wp/v2/pages/9475.json]
[nathanfx/wp-json/oembed/1.0/embed34b9.json]
[nathanfx/wp-json/oembed/1.0/embedec53]
[nathanfx/cf-fonts/v/dm-sans/5.0.18/latin/wght/normal.woff2]
[nathanfx/calculator/index.html]
[nathanfx/cf-fonts/v/dm-sans/5.0.18/latin-ext/wght/normal.woff2]
[nathanfx/checkout/index.html]
[nathanfx/wp-json/wp/v2/pages/10070.json]
[nathanfx/wp-json/oembed/1.0/embed6409.json]
[nathanfx/wp-json/oembed/1.0/embed964b]
[nathanfx/dashboard/index.html]
[nathanfx/eui1dghhkdas-book/index.html]
[nathanfx/wp-content/plugins/affs/assets/js/jquery.fileupload550c.js]
[nathanfx/wp-content/themes/finpoan/assets/css/libs/magnific-popup19f6.css]
[nathanfx/wp-content/uploads/elementor/css/post-9467dbf9.css]
[nathanfx/wp-json/wp/v2/pages/9467.json]
[nathanfx/wp-json/oembed/1.0/embed1da6.json]
[nathanfx/wp-json/oembed/1.0/embed2893]
[nathanfx/wp-content/themes/finpoan/assets/js/vendor/jquery.magnific-popup.min19f6.js]
[nathanfx/free-ebook/index.html]
[nathanfx/wp-content/plugins/mailchimp-for-wp/assets/js/formsad2c.js]
[nathanfx/wp-content/uploads/elementor/css/post-10141eb60.css]
[nathanfx/wp-json/wp/v2/pages/10141.json]
[nathanfx/wp-json/oembed/1.0/embedae98.json]
[nathanfx/wp-json/oembed/1.0/embed1322]
[nathanfx/fulfillment-policy/index.html]
[nathanfx/wp-content/uploads/elementor/css/post-399b67.css]
[nathanfx/wp-content/uploads/elementor/css/post-319b67.css]
[nathanfx/wp-json/wp/v2/pages/39.json]
[nathanfx/wp-json/oembed/1.0/embeda44d.json]
[nathanfx/wp-json/oembed/1.0/embedf2ed]
[nathanfx/wp-content/uploads/2025/04/Hero.png]
[nathanfx/wp-content/uploads/elementor/thumbs/5-r9mr3hic06k6kxn0ke7ebhubdb8434s18gifj4i328.png]
[nathanfx/wp-content/uploads/elementor/thumbs/6-r9mr3ssea6zmg96mqj2x5ezuhxoini0ta0c9ag1czk.png]
[nathanfx/wp-content/uploads/elementor/thumbs/4-r82rlaedkluwb2gwh7q1jsy05zcfhyrieq38d19ji8.png]
[nathanfx/wp-content/uploads/elementor/thumbs/3-r82rkos37f1aw1cazgdmggeei4azkxdonr32bo5lhc.png]
[nathanfx/wp-content/uploads/elementor/thumbs/2-r82rk51h7waa484z6pugi3dq110a3a7bl1dv8uyv40.png]
[nathanfx/wp-content/uploads/elementor/thumbs/11-r82rjlav8dj9cexndzbajqd1jxpkln0yiboo61s4qo.png]
[nathanfx/wp-content/uploads/elementor/thumbs/7-r9mr2q90hziv88qlzkf7t6py54ygvwrtgplcm3mi2o.png]
[nathanfx/wp-content/uploads/elementor/thumbs/8-r9mr30l8l5x0ryblb6w42m40odji8kwv64row57668.png]
[nathanfx/wp-content/uploads/elementor/thumbs/9-r82rhri5xz16rpl826vep6yryypvmtrqxa0okohou8.png]
[nathanfx/wp-content/uploads/elementor/thumbs/10-r82rikn5tu52rmewc1guchm2dwq99fzfda8qg9ahhc.png]
[nathanfx/home-3/index.html]
[nathanfx/wp-json/wp/v2/pages/10069.json]
[nathanfx/wp-json/oembed/1.0/embeda4e8.json]
[nathanfx/login/index.html]
[nathanfx/wp-json/oembed/1.0/embedc1de]
[nathanfx/wp-json/wp/v2/pages/10072.json]
[nathanfx/wp-json/oembed/1.0/embeddbd8.json]
[nathanfx/lost-password/index.html]
[nathanfx/wp-json/oembed/1.0/embed97fb]
[nathanfx/wp-content/uploads/elementor/css/post-95150000.css]
[nathanfx/wp-json/wp/v2/pages/9515.json]
[nathanfx/wp-json/oembed/1.0/embed2b72.json]
[nathanfx/wp-json/oembed/1.0/embed50a2]
[nathanfx/wp-content/uploads/2024/07/h3_tabimg1.png]
[nathanfx/wp-content/uploads/2024/07/h3_tabimg5.png]
[nathanfx/wp-content/uploads/2024/07/h3_tabimg2.png]
[nathanfx/wp-content/uploads/2024/07/h3_tabimg3.png]
[nathanfx/wp-content/uploads/2024/07/h3_tabimg4.png]
[nathanfx/wp-content/uploads/elementor/css/post-35340000.css]
[nathanfx/wp-content/uploads/elementor/css/post-36860000.css]
[nathanfx/partnership/index.html]
[nathanfx/wp-content/uploads/elementor/css/post-36700000.css]
[nathanfx/wp-content/uploads/elementor/css/post-989749ed.css]
[nathanfx/wp-json/wp/v2/pages/9897.json]
[nathanfx/wp-json/oembed/1.0/embede93f.json]
[nathanfx/privacy-policy/index.html]
[nathanfx/wp-json/oembed/1.0/embed087a]
[nathanfx/wp-content/uploads/elementor/css/post-978256c5.css]
[nathanfx/wp-json/wp/v2/pages/9782.json]
[nathanfx/wp-json/oembed/1.0/embeda064.json]
[nathanfx/wp-json/oembed/1.0/embedd8b6]
[nathanfx/wp-content/uploads/2025/04/Mike-768x513.png]
[nathanfx/recommended-broker/index.html]
[nathanfx/wp-content/uploads/elementor/css/post-978556c5.css]
[nathanfx/wp-json/wp/v2/pages/10068.json]
[nathanfx/wp-json/oembed/1.0/embed1a46.json]
[nathanfx/registration/index.html]
[nathanfx/wp-json/oembed/1.0/embed2d66]
[nathanfx/wp-content/uploads/elementor/css/post-10140d284.css]
[nathanfx/wp-json/wp/v2/pages/10140.json]
[nathanfx/wp-json/oembed/1.0/embedfb8d.json]
[nathanfx/terms-and-conditions/index.html]
[nathanfx/wp-json/oembed/1.0/embed9448]
[nathanfx/wp-json/wp/v2/pages/10071.json]
[nathanfx/wp-json/oembed/1.0/embed8519.json]
[nathanfx/terms/index.html]
[nathanfx/wp-content/plugins/woocommerce-gateway-stripe/build/upe_blocks5f8e.css]
[nathanfx/wp-content/plugins/woocommerce/assets/client/blocks/wc-blocksadac.css]
[nathanfx/wp-content/uploads/elementor/css/post-99624ad7.css]
[nathanfx/cdn-cgi/l/email-protection.html]
[nathanfx/wp-content/plugins/affs/assets/css/images/ui-icons_444444_256x240.html]
[nathanfx/wp-content/plugins/affs/assets/css/images/ui-icons_555555_256x240.html]
[nathanfx/wp-content/plugins/affs/assets/css/images/ui-icons_ffffff_256x240.html]
[nathanfx/wp-content/plugins/affs/assets/css/images/ui-icons_777620_256x240.html]
[nathanfx/wp-content/plugins/affs/assets/css/images/ui-icons_cc0000_256x240.html]
[nathanfx/wp-content/plugins/affs/assets/css/images/ui-icons_777777_256x240.html]
[nathanfx/wp-content/plugins/affs/assets/fonts/fontawesome-webfont3e6e.svg]
[nathanfx/wp-content/plugins/elementor/assets/mask-shapes/circle.svg]
[nathanfx/wp-content/themes/finpoan/assets/fonts/icons/finpoan-icon-1.0.7.svg]
[nathanfx/wp-content/plugins/elementor/assets/lib/eicons/fonts/eiconsfcca.svg]
[nathanfx/wp-content/plugins/elementor/assets/lib/font-awesome/webfonts/fa-brands-400.svg]
[nathanfx/wp-content/plugins/elementor/assets/lib/font-awesome/webfonts/fa-solid-900.svg]
[nathanfx/wp-content/plugins/woocommerce/assets/fonts/star.html]
[nathanfx/wp-content/plugins/woocommerce/assets/fonts/stard41d.html]
[nathanfx/wp-content/plugins/woocommerce/assets/fonts/star.svg]
[nathanfx/wp-content/themes/finpoan/assets/images/credit-cards/unknown.svg]
[nathanfx/wp-content/themes/finpoan/assets/images/credit-cards/visa.svg]
[nathanfx/wp-content/themes/finpoan/assets/images/credit-cards/mastercard.svg]
[nathanfx/wp-content/themes/finpoan/assets/images/credit-cards/laser.svg]
[nathanfx/wp-content/themes/finpoan/assets/images/credit-cards/diners.svg]
[nathanfx/wp-content/themes/finpoan/assets/images/credit-cards/maestro.svg]
[nathanfx/wp-content/themes/finpoan/assets/images/credit-cards/jcb.svg]
[nathanfx/wp-content/themes/finpoan/assets/images/credit-cards/amex.svg]
[nathanfx/wp-content/themes/finpoan/assets/images/credit-cards/discover.svg]
[nathanfx/wp-content/uploads/elementor/css/post-2601400280.css]
[nathanfx/wp-content/uploads/elementor/css/post-25960188d8.css]
[nathanfx/wp-content/uploads/elementor/css/post-22099a8.css]
[nathanfx/index485a.html]
[nathanfx/checkout/index1fcf.html]
[nathanfx/checkout/index24c7.html]
[nathanfx/wp-content/uploads/elementor/css/post-2604774274.css]
[nathanfx/wp-includes/css/dist/block-library/style.min0899.css]
[nathanfx/wp-content/plugins/woocommerce/assets/css/select2519f.css]
[nathanfx/wp-content/uploads/elementor/css/custom-widget-alert.min76ad.css]
[nathanfx/wp-content/uploads/elementor/css/post-1399a8.css]
[nathanfx/index2dc4.html]
[nathanfx/wp-content/plugins/woo-checkout-field-editor-pro/public/assets/css/thwcfd-public.min4c71.css]
[nathanfx/index678b.html]
[nathanfx/wp-content/plugins/woocommerce-gateway-stripe/assets/images/cards.svg]
[nathanfx/my-account/sumo-subscriptions/index.html]
[nathanfx/wp-content/plugins/woocommerce-gateway-stripe/build/upe_classic6f03.css]
[nathanfx/wp-json/oembed/1.0/embed802c]
[nathanfx/wp-content/plugins/woocommerce-gateway-stripe/assets/css/stripe-link6f03.css]
[nathanfx/xmlrpc.php]
[nathanfx/wp-content/uploads/elementor/css/post-11292b2d.css]
[nathanfx/indexfb61.html]
[nathanfx/index4335.html]
[nathanfx/index7709.html]
[nathanfx/indexcff1.html]
[nathanfx/wp-includes/css/buttons.min0899.css]
[nathanfx/wp-content/plugins/woocommerce-gateway-stripe/assets/images/link.svg]
[nathanfx/wp-admin/images/loading.gif]
[nathanfx/wp-admin/css/forms.min0899.css]
[nathanfx/wp-admin/css/l10n.min0899.css]
[nathanfx/wp-admin/images/w-logo-blue7a53.png]
[nathanfx/wp-admin/images/wordpress-logo7d6b.svg]
[nathanfx/wp-admin/css/login.min0899.css]
[nathanfx/wp-loginc2b6.html]
[nathanfx/wp-content/plugins/elementor/assets/css/widget-divider.min89ce.css]
[nathanfx/wp-content/uploads/elementor/css/post-5277fb.css]
[nathanfx/wp-content/themes/finpoan/assets/css/base/animations/opal-scale-up19f6.css]
[nathanfx/index4579.html]
[nathanfx/wp-content/uploads/elementor/css/post-6600e2.css]
[nathanfx/index4f61.html]
[nathanfx/wp-content/uploads/elementor/css/post-947509bd.css]
[nathanfx/index8869.html]
[nathanfx/indexf607.html]
[nathanfx/wp-content/themes/finpoan/assets/css/libs/magnific-popup19f6.css]
[nathanfx/wp-content/uploads/elementor/css/post-9467dbf9.css]
[nathanfx/indexb67a.html]
[nathanfx/wp-content/uploads/elementor/css/post-10141eb60.css]
[nathanfx/index57e2.html]
[nathanfx/wp-content/uploads/elementor/css/post-399b67.css]
[nathanfx/wp-content/uploads/elementor/css/post-319b67.css]
[nathanfx/indexba52.html]
[nathanfx/index08c9.html]
[nathanfx/indexff9e.html]
[nathanfx/wp-content/uploads/elementor/css/post-95150000.css]
[nathanfx/index7828.html]
[nathanfx/index.php/registration/index.html]
[nathanfx/wp-content/uploads/elementor/css/post-35340000.css]
[nathanfx/wp-content/uploads/elementor/css/post-36860000.css]
[nathanfx/wp-content/uploads/elementor/css/post-36700000.css]
[nathanfx/wp-content/uploads/elementor/css/post-989749ed.css]
[nathanfx/index2a82.html]
[nathanfx/wp-content/uploads/elementor/css/post-978256c5.css]
[nathanfx/index8bdf.html]
[nathanfx/wp-content/uploads/elementor/css/post-978556c5.css]
[nathanfx/index556e.html]
[nathanfx/wp-content/uploads/elementor/css/post-10140d284.css]
[nathanfx/index0953.html]
[nathanfx/index4377.html]
[nathanfx/wp-content/plugins/woocommerce-gateway-stripe/assets/images/link.svg]
[nathanfx/wp-admin/images/wordpress-logo7d6b.svg]
[nathanfx/wp-login.html]
[nathanfx/wp-login.html]
